// Jest Snapshot v1, https://goo.gl/fbAQLP

exports[`Hellow World: should render to match the snapshot 1`] = `
<div
  className="hello"
>
  <h1>
    Howdy!!
  </h1>
  <h1>
    Wyatt
  </h1>
  <p>
    Congratulations!  You have created your first React component
  </p>
</div>
`;
